2025-11-04 10:15:23 INFO User login successful
2025-11-04 10:16:45 ERROR Database connection failed
2025-11-04 10:17:12 INFO Request processed
2025-11-04 10:18:33 ERROR File not found
2025-11-04 10:19:55 WARNING High memory usage
2025-11-04 10:20:11 INFO User logout
2025-11-04 10:21:40 ERROR Network timeout
2025-11-04 10:22:18 INFO Cache cleared
